// Jest Snapshot v1, https://goo.gl/fbAQLP

exports[`A suite APP component is loading properly 1`] = `
<div
  className="App"
>
  <header
    className="App-header"
  >
    <h1
      className="App-title"
    >
      Weather report dashboard
    </h1>
  </header>
  <CityDropDown
    changeCity={[Function]}
    cityList={
      Object {
        "0": Object {
          "coord": Object {
            "lat": 44.549999,
            "lon": 34.283333,
          },
          "country": "IN",
          "id": 707860,
          "name": "Bengaluru",
        },
        "1": Object {
          "coord": Object {
            "lat": 55.683334,
            "lon": 37.666668,
          },
          "country": "IN",
          "id": 519188,
          "name": "Hyderabad",
        },
        "default": Array [
          Object {
            "coord": Object {
              "lat": 44.549999,
              "lon": 34.283333,
            },
            "country": "IN",
            "id": 707860,
            "name": "Bengaluru",
          },
          Object {
            "coord": Object {
              "lat": 55.683334,
              "lon": 37.666668,
            },
            "country": "IN",
            "id": 519188,
            "name": "Hyderabad",
          },
        ],
      }
    }
  />
  <Weatherdashboards
    reqCity="Bengaluru"
  />
</div>
`;

exports[`A suite contains spec with an expectation 1`] = `
<div
  className="App"
>
  <header
    className="App-header"
  >
    <h1
      className="App-title"
    >
      Weather report dashboard
    </h1>
  </header>
  <CityDropDown
    changeCity={[Function]}
    cityList={
      Object {
        "0": Object {
          "coord": Object {
            "lat": 44.549999,
            "lon": 34.283333,
          },
          "country": "IN",
          "id": 707860,
          "name": "Bengaluru",
        },
        "1": Object {
          "coord": Object {
            "lat": 55.683334,
            "lon": 37.666668,
          },
          "country": "IN",
          "id": 519188,
          "name": "Hyderabad",
        },
        "default": Array [
          Object {
            "coord": Object {
              "lat": 44.549999,
              "lon": 34.283333,
            },
            "country": "IN",
            "id": 707860,
            "name": "Bengaluru",
          },
          Object {
            "coord": Object {
              "lat": 55.683334,
              "lon": 37.666668,
            },
            "country": "IN",
            "id": 519188,
            "name": "Hyderabad",
          },
        ],
      }
    }
  />
  <Weatherdashboards
    reqCity="Bengaluru"
  />
</div>
`;

exports[`WEATHER REPORT TEST SUITE APP component is loading properly 1`] = `
<div
  className="App"
>
  <header
    className="App-header"
  >
    <h1
      className="App-title"
    >
      Weather report dashboard
    </h1>
  </header>
  <CityDropDown
    changeCity={[Function]}
    cityList={
      Object {
        "0": Object {
          "coord": Object {
            "lat": 44.549999,
            "lon": 34.283333,
          },
          "country": "IN",
          "id": 707860,
          "name": "Bengaluru",
        },
        "1": Object {
          "coord": Object {
            "lat": 55.683334,
            "lon": 37.666668,
          },
          "country": "IN",
          "id": 519188,
          "name": "Hyderabad",
        },
        "default": Array [
          Object {
            "coord": Object {
              "lat": 44.549999,
              "lon": 34.283333,
            },
            "country": "IN",
            "id": 707860,
            "name": "Bengaluru",
          },
          Object {
            "coord": Object {
              "lat": 55.683334,
              "lon": 37.666668,
            },
            "country": "IN",
            "id": 519188,
            "name": "Hyderabad",
          },
        ],
      }
    }
  />
  <Weatherdashboards
    reqCity="Bengaluru"
  />
</div>
`;

exports[`WEATHER REPORT TEST SUITE City dropdown component is loading properly 1`] = `
<div
  className="leftContent"
>
  <form>
    <label>
      Please select your city
    </label>
    <select
      onChange={[Function]}
    />
    <div
      className="selectedCity"
    >
      Weather forecast for 
      <h5>
        Bengaluru
      </h5>
    </div>
  </form>
</div>
`;

exports[`WEATHER REPORT TEST SUITE Weather report component is loading properly 1`] = `
<div
  className="weatherReport rightContent"
>
  <div>
    12-07-2018
     
    Bengaluru
  </div>
  <div
    className="forecast"
  >
    <div
      className="forecastType"
    >
      Temperature
    </div>
    <div>
      161.45
       F
      <span>
        Min - 
        159.086
         F
      </span>
      <span>
        Max - 
        161.45
         F
      </span>
    </div>
  </div>
  <div
    className="forecast"
  >
    <div
      className="forecastType"
    >
      Pressure
    </div>
    <div>
      923.48
    </div>
  </div>
  <div
    className="forecast"
  >
    <div
      className="forecastType"
    >
      Sea Level
    </div>
    <div>
      945.39
    </div>
  </div>
  <div
    className="forecast"
  >
    <div
      className="forecastType"
    >
      Ground Level
    </div>
    <div>
      923.48
    </div>
  </div>
  <div
    className="forecast"
  >
    <div
      className="forecastType"
    >
      Humidity
    </div>
    <div>
      39
    </div>
  </div>
  <div
    className="forecast"
  >
    <div
      className="forecastType"
    >
      Weather
    </div>
    <div>
      clear sky
    </div>
    <img
      alt="Weather Update"
      src="../images/02n.png"
    />
  </div>
  <div
    className="forecast"
  >
    <div
      className="forecastType"
    >
      Clouds
    </div>
    <div>
      5
    </div>
  </div>
  <div
    className="forecast"
  >
    <div
      className="forecastType"
    >
      Wind
    </div>
    <div>
      Speed - 
      4.77
       mph
    </div>
    <div>
      Direction - 
      232.505
    </div>
  </div>
  <div
    className="forecast"
  >
    <div
      className="forecastType"
    >
      Snow
    </div>
    <div />
  </div>
  <button
    disabled={true}
    onClick={[Function]}
  >
    Prev 3 Hrs
  </button>
    
  <button
    disabled={false}
    onClick={[Function]}
  >
    Next 3 Hrs
  </button>
</div>
`;
